Enter the preorder traversal of the tree: Enter the in-order traversal of the tree: Enter depth: Original tree:

  4
 / \
1   7

Copy of the tree up to depth -1:

X

