list1: 10, 5, 23, 56, 8, 92, 5, 7
list2: 8, 5, 92
answer: 0
