list1: 10, 5, 23, 56, 8, 92, 5, 7
list2: 5, 5, 7
answer: 1
