Tree:
    4
   / \
  /   \
 /     \
1       9
 \     / \
  3   /   \
 /   /     \
2   6      15
   / \     /
  5   8   10
     /     \
    7      12
           / \
          /   \
         11   13
                \
                14

#nodes = 15,  #leaves = 5
Infix  : 1 2 3 4 5 6 7 8 9 10 11 12 13 14 15 
Prefix : 4 1 3 2 9 6 5 8 7 15 10 12 11 13 14 
Postfix: 2 3 1 5 7 8 6 11 14 13 12 10 15 9 4 
ByLevel: 4 1 9 3 6 15 2 5 8 10 7 12 11 13 14 
