Enter list 1: Enter list 2: 
Set 1: {5, 8, 3, 9, 6, 7, 1, 4, 2}
Set 2: {3, 2, 8, 4, 0, 9}
Difference: {1, 5, 6, 7}
