Enter list 1: Enter list 2: 
Set 1: {9, 1, 8, 2, 5}
Set 2: {1, 5, 2, 9, 8}
Difference: {}
